MIT/GNU Scheme running under GNU/Linux
Type `^C' (control-C) followed by `H' to obtain information about interrupts.

Copyright (C) 2022 Massachusetts Institute of Technology
This is free software; see the source for copying conditions. There is NO
warranty; not even for MERCHANTABILITY or FITNESS FOR A PARTICULAR PURPOSE.

Image saved on Friday January 6, 2023 at 10:11:41 PM
  Release 12.1 || SF || LIAR/x86-64

1 ]=> ; cons constructor procedure
(define (cons x y)
  (define (set-x! v) (set! x v))
  (define (set-y! v) (set! y v))
  (define (dispatch m)
    (cond ((eq? m 'car) x)
          ((eq? m 'cdr) y)
          ((eq? m 'set-car!) set-x!)
          ((eq? m 'set-cdr!) set-y!)
          (else (error "Undefined operation -- CONS" m))))
  dispatch)
;Value: cons

1 ]=> ; car selector procedure
(define (car z) (z 'car))
;Value: car

1 ]=> ; cdr selector procedure
(define (cdr z) (z 'cdr))
;Value: cdr

1 ]=> ; set-car! mutator procedure
(define (set-car! z new-value)
  ((z 'set-car!) new-value)
  z)
;Value: set-car!

1 ]=> ; set-cdr! mutator procedure
(define (set-cdr! z new-value)
  ((z 'set-cdr!) new-value)
  z)
;Value: set-cdr!

1 ]=> ;
;           ┌──────────────────────────────────────────────────────────┐
;           │               car: ─────────┐   set-car!:─────────┐      │
; global -->│ cons: ─┐      cdr: ─┐       │   set-cdr!:─┐       │      │
;  env      └────────┼────────────┼───────┼─────────────┼───────┼──────┘
;              ┌─────┘ Λ          │ Λ     │ Λ           │ Λ     │ Λ
;              V       │          │ │     │ │           │ │     │ │
;     ┌───────⨀⨀───────┘          │ │  ┌─⨀⨀─┘           │ │  ┌─⨀⨀─┘
;     V                           │ │  V                │ │  V
; params: x y                     │ │ params: z         │ │ params: z new-value
; body: (define (set-x! v) ...)   │ │ body: (z 'car)    │ │ body: ((z 'set-car!)
;       (define (set-y! v) ...)   │ │                   V │        new-value)
;       (define (dispatch m) ...) │ │                ┌─⨀⨀─┘       z
;       dispatch                  V │                V
;                              ┌─⨀⨀─┘               params: z new-value
;                              V                    body: ((z 'set-cdr!)
;                             params: z                    new-value)
;                             body: (z 'cdr)              z
;

(define x (cons 1 2))
;Value: x

1 ]=> ;
;           ┌─────────────────────────────────────────┐
;           │ cons: ...     set-car!: ...             │
; global -->│ car: ...      set-cdr!: ...             │
;  env      │ cdr: ...      x: ─┐                     │
;           └───────────────────┼─────────────────────┘
;                       ┌───────┘         Λ
;                       │        ┌────────┴──────┐
;                       │        │ x: 1          │<─────────────────┐
;                       │        │ y: 2      ┌───┼────────────────┐ │
;                       │   E1 ->│ set-x!: ──┘   │<────────┐      V │
;                       │        │ set-y!: ──────┼───────┐ │   ┌─⨀⨀─┘
;                       │        │ dispatch: ─┐  │       │ │   V
;                       │        └────────────┼──┘       V │ params: v
;                       └────┐┌───────────────┘ Λ     ┌─⨀⨀─┘ body: (set! x v)
;                            VV                 │     V
;                  ┌─────────⨀⨀─────────────────┘   params: v
;                  V                                body: (set! y v)
;                 params: m
;                 body: (cond ((eq? m 'car) x)
;                             ((eq? m 'cdr) y)
;                             ((eq? m 'set-car!) set-x!)
;                             ((eq? m 'set-cdr!) set-y!)
;                             (else (error "Undefined operation -- CONS" m)))
;

(define z (cons x x))
;Value: z

1 ]=> ;
;           ┌──────────────────────────────────────────────────────┐
;           │ cons: ...     set-car!: ...   set-car!: ...          │
; global -->│ car: ...      set-cdr!: ...   set-cdr!: ...          │
;  env      │ cdr: ...      x: ─┐           z: ─┐                  │
;           └───────────────────┼───────────────┼──────────────────┘
;                       ┌───────┘      Λ        │              Λ
;                       │     ┌────────┴──────┐ │     ┌────────┴────────────┐
;                       │     │ x: 1          │ │     │ x: ──────────────┐  │
;                       │     │ y: 2          │ │     │ y: ────────────┐ │  │
;                       │E1 ->│ set-x!: ...   │ │E2 ->│ set-x!: ...    │ │  │
;                       │     │ set-y!: ...   │ │     │ set-y!: ...    │ │  │
;                       │     │ dispatch: ─┐  │ │     │ dispatch: ─┐   │ │  │
;                       │     └────────────┼──┘ │     └────────────┼───┼─┼──┘
;                       └──────────┐┌──────┘ Λ  └──────────┐┌──────┘ Λ │ │
;                                  VV        │             VV        │ │ │
;                             ┌────⨀⨀────────┘        ┌────⨀⨀────────┘ │ │
;                             │    ΛΛ                 │                │ │
;                             │    │└─────────────────┼────────────────┘ │
;                             │    └──────────────────┼──────────────────┘
;                             │ ┌─────────────────────┘
;                             V V
;                            params: m
;                            body: (cond ...)
;

(set-car! (cdr z) 17)
;Value: #[compound-procedure 12 dispatch]

1 ]=> ;
;           ┌──────────────────────────────────────────────────────┐
;           │ cons: ...     set-car!: ...   set-car!: ...          │
; global -->│ car: ...      set-cdr!: ...   set-cdr!: ...          │
;  env      │ cdr: ...      x: ─┐           z: ─┐                  │
;           └───────────────────┼───────────────┼──────────────────┘
;             Λ         ┌───────┘      Λ        │              Λ
;       ┌─────┴─────┐   │     ┌────────┴──────┐ │     ┌────────┴────────────┐
;  E3 ->│ z: ─────┐ │   │     │ x: 1          │ │     │ x: ──────────────┐  │
;       └─────────┼─┘   │     │ y: 2          │ │     │ y: ────────────┐ │  │
;        (z 'cdr) │     │E1 ->│ set-x!: ...   │ │E2 ->│ set-x!: ...    │ │  │
;                 │     │     │ set-y!: ...   │ │     │ set-y!: ...    │ │  │
;                 │     │     │ dispatch: ─┐  │ │     │ dispatch: ─┐   │ │  │
;                 │     │     └────────────┼──┘ │     └────────────┼───┼─┼──┘
;                 │     └──────────┐┌──────┘ Λ  └──────────┐┌──────┘ Λ │ │
;                 │                VV        │             VV        │ │ │
;                 │           ┌────⨀⨀────────┘        ┌────⨀⨀────────┘ │ │
;                 │           │    ΛΛ                 │    Λ           │ │
;                 │           │    │└─────────────────┼────┼───────────┘ │
;                 │           │    └──────────────────┼────┼─────────────┘
;                 └───────────┼───────────────────────┼────┘
;                             │ ┌─────────────────────┘
;                             V V
;                            params: m
;                            body: (cond ...)
;
;
;           ┌──────────────────────────────────────────────────────┐
;           │ cons: ...     set-car!: ...   set-car!: ...          │
; global -->│ car: ...      set-cdr!: ...   set-cdr!: ...          │
;  env      │ cdr: ...      x: ─┐           z: ─┐                  │
;           └───────────────────┼───────────────┼──────────────────┘
;             Λ         ┌───────┘      Λ        │              Λ
;       ┌─────┴─────┐   │     ┌────────┴──────┐ │     ┌────────┴────────────┐
;  E3 ->│ z: ─────┐ │   │     │ x: 1          │ │     │ x: ──────────────┐  │
;       └─────────┼─┘   │     │ y: 2          │ │     │ y: ────────────┐ │  │
;        (z 'cdr) │     │E1 ->│ set-x!: ...   │ │E2 ->│ set-x!: ...    │ │  │
;                 │     │     │ set-y!: ...   │ │     │ set-y!: ...    │ │  │
;                 │     │     │ dispatch: ─┐  │ │     │ dispatch: ─┐   │ │  │
;                 │     │     └────────────┼──┘ │     └────────────┼───┼─┼──┘
;                 │     └──────────┐┌──────┘ Λ  └──────────┐┌──────┘ Λ │ │ Λ
;                 │                VV        │             VV        │ │ │ │
;                 │           ┌────⨀⨀────────┘        ┌────⨀⨀────────┘ │ │ │
;                 │           │    ΛΛ                 │    Λ           │ │ │
;                 │           │    │└─────────────────┼────┼───────────┘ │ │
;                 │           │    └──────────────────┼────┼─────────────┘ │
;                 └───────────┼───────────────────────┼────┘               │
;                             │ ┌─────────────────────┘        ┌───────────┘
;                             V V                         ┌────┴────┐
;                            params: m               E4 ->│ m: 'cdr │
;                            body: (cond ...)             └─────────┘
;                                                          (cond ...)
;
;
;           ┌──────────────────────────────────────────────────────┐
;           │ cons: ...     set-car!: ...   set-car!: ...          │
; global -->│ car: ...      set-cdr!: ...   set-cdr!: ...          │
;  env      │ cdr: ...      x: ─┐           z: ─┐                  │
;           └───────────────────┼───────────────┼──────────────────┘
;             Λ       Λ ┌───────┘      Λ        │              Λ
;       ┌─────┴─────┐ │ │     ┌────────┴──────┐ │     ┌────────┴────────────┐
;  E3 ->│ z: ─────┐ │ │ │     │ x: 1          │ │     │ x: ──────────────┐  │
;       └─────────┼─┘ │ │     │ y: 2          │ │     │ y: ────────────┐ │  │
;        (z 'cdr) │   │ │E1 ->│ set-x!: ...   │ │E2 ->│ set-x!: ...    │ │  │
;                 │   │ │     │ set-y!: ...   │ │     │ set-y!: ...    │ │  │
;                 │   │ │     │ dispatch: ─┐  │ │     │ dispatch: ─┐   │ │  │
;                 │   │ │     └────────────┼──┘ │     └────────────┼───┼─┼──┘
;                 │   │ └──────────┐┌──────┘ Λ  └──────────┐┌──────┘ Λ │ │ Λ
;                 │   │   ┌───────┐││        │             ││        │ │ │ │
;                 │   │   │       VVV        │             VV        │ │ │ │
;                 │   │   │   ┌────⨀⨀────────┘        ┌────⨀⨀────────┘ │ │ │
;                 │   │   │   │    ΛΛ                 │    Λ           │ │ │
;                 │   │   │   │    │└─────────────────┼────┼───────────┘ │ │
;            E5   │   │   │   │    └──────────────────┼────┼─────────────┘ │
;             │   └───┼───┼───┼───────────────────────┼────┘               │
;             V       │   │   │ ┌─────────────────────┘        ┌───────────┘
;       ┌─────────────┴─┐ │   V V                         ┌────┴────┐
;       │ z: ───────────┼─┘  params: m               E4 ->│ m: 'cdr │
;       │ new-value: 17 │    body: (cond ...)             └─────────┘
;       └───────────────┘                                  (cond ...)
;       ((z 'set-car!) new-value)
;       z
;
;
;           ┌──────────────────────────────────────────────────────┐
;           │ cons: ...     set-car!: ...   set-car!: ...          │
; global -->│ car: ...      set-cdr!: ...   set-cdr!: ...          │
;  env      │ cdr: ...      x: ─┐           z: ─┐                  │
;           └───────────────────┼───────────────┼──────────────────┘
;             Λ       Λ ┌───────┘      Λ        │              Λ
;       ┌─────┴─────┐ │ │     ┌────────┴──────┐ │     ┌────────┴────────────┐
;  E3 ->│ z: ─────┐ │ │ │     │ x: 1          │ │     │ x: ──────────────┐  │
;       └─────────┼─┘ │ │     │ y: 2          │ │     │ y: ────────────┐ │  │
;        (z 'cdr) │   │ │E1 ->│ set-x!: ...   │ │E2 ->│ set-x!: ...    │ │  │
;                 │   │ │     │ set-y!: ...   │ │     │ set-y!: ...    │ │  │
;   ┌─────────────┼───┼─┼────>│ dispatch: ─┐  │ │     │ dispatch: ─┐   │ │  │
;   │ ┌───────────┼───┼─┼────>└────────────┼──┘ │     └────────────┼───┼─┼──┘
;   │ │           │   │ └──────────┐┌──────┘ Λ  └──────────┐┌──────┘ Λ │ │ Λ
;   │ │           │   │   ┌───────┐││        │             ││        │ │ │ │
;   │ │           │   │   │       VVV        │             VV        │ │ │ │
;   │ │           │   │   │   ┌────⨀⨀────────┘        ┌────⨀⨀────────┘ │ │ │
;   │ │           │   │   │   │    ΛΛ                 │    Λ           │ │ │
;   │ │           │   │   │   │    │└─────────────────┼────┼───────────┘ │ │
;   │ │      E5   │   │   │   │    └──────────────────┼────┼─────────────┘ │
;   │ │       │   └───┼───┼───┼───────────────────────┼────┘               │
;   │ │       V       │   │   │ ┌─────────────────────┘        ┌───────────┘
;   │ │ ┌─────────────┴─┐ │   V V                         ┌────┴────┐
;   │ │ │ z: ───────────┼─┘  params: m               E4 ->│ m: 'cdr │
;   │ │ │ new-value: 17 │    body: (cond ...)             └─────────┘
;   │ │ └───────────────┘                                  (cond ...)
;   │ │ ((z 'set-car!) new-value)
;   │ │ z
;   │ └─────────────────────────────────┐
;   │                            ┌──────┴───────┐
;   │                       E6 ->│ m: 'set-car! │
;   │                            └──────────────┘
;   │                               (cond ...)
;   └────────────────────────────────┐
;                                ┌───┴───┐
;                           E7 ->│ v: 17 │
;                                └───────┘
;                                (set! y v)
;
;
;           ┌──────────────────────────────────────────────────────┐
;           │ cons: ...     set-car!: ...   set-car!: ...          │
; global -->│ car: ...      set-cdr!: ...   set-cdr!: ...          │
;  env      │ cdr: ...      x: ─┐           z: ─┐                  │
;           └───────────────────┼───────────────┼──────────────────┘
;                       ┌───────┘      Λ        │              Λ
;                       │     ┌────────┴──────┐ │     ┌────────┴────────────┐
;                       │     │ x: 17         │ │     │ x: ──────────────┐  │
;                       │     │ y: 2          │ │     │ y: ────────────┐ │  │
;                       │E1 ->│ set-x!: ...   │ │E2 ->│ set-x!: ...    │ │  │
;                       │     │ set-y!: ...   │ │     │ set-y!: ...    │ │  │
;                       │     │ dispatch: ─┐  │ │     │ dispatch: ─┐   │ │  │
;                       │     └────────────┼──┘ │     └────────────┼───┼─┼──┘
;                       └──────────┐┌──────┘ Λ  └──────────┐┌──────┘ Λ │ │
;                                  VV        │             VV        │ │ │
;                             ┌────⨀⨀────────┘        ┌────⨀⨀────────┘ │ │
;                             │    ΛΛ                 │                │ │
;                             │    │└─────────────────┼────────────────┘ │
;                             │    └──────────────────┼──────────────────┘
;                             │ ┌─────────────────────┘
;                             V V
;                            params: m
;                            body: (cond ...)
;

(car x)
;Value: 17

1 ]=> ;
;           ┌──────────────────────────────────────────────────────┐
;           │ cons: ...     set-car!: ...   set-car!: ...          │
; global -->│ car: ...      set-cdr!: ...   set-cdr!: ...          │
;  env      │ cdr: ...      x: ─┐           z: ─┐                  │
;           └───────────────────┼───────────────┼──────────────────┘
;             Λ         ┌───────┘      Λ        │              Λ
;       ┌─────┴─────┐   │     ┌────────┴──────┐ │     ┌────────┴────────────┐
;  E8 ->│ z: ─────┐ │   │     │ x: 17         │ │     │ x: ──────────────┐  │
;       └─────────┼─┘   │     │ y: 2          │ │     │ y: ────────────┐ │  │
;        (z 'car) │     │E1 ->│ set-x!: ...   │ │E2 ->│ set-x!: ...    │ │  │
;             ┌───┼─────┼────>│ set-y!: ...   │ │     │ set-y!: ...    │ │  │
;             │   │     │     │ dispatch: ─┐  │ │     │ dispatch: ─┐   │ │  │
;             │   │     │     └────────────┼──┘ │     └────────────┼───┼─┼──┘
;             │   │     └──────────┐┌──────┘ Λ  └──────────┐┌──────┘ Λ │ │
;             │   └───────────────┐││        │             ││        │ │ │
;       ┌─────┴───┐               VVV        │             VV        │ │ │
;  E9 ->│ m: 'car │           ┌────⨀⨀────────┘        ┌────⨀⨀────────┘ │ │
;       └─────────┘           │    ΛΛ                 │                │ │
;           x                 │    │└─────────────────┼────────────────┘ │
;                             │    └──────────────────┼──────────────────┘
;                             │ ┌─────────────────────┘
;                             V V
;                            params: m
;                            body: (cond ...)
;
; ==> 17
;
End of input stream reached.
Pulvis et umbra sumus.
